// Jest Snapshot v1, https://goo.gl/fbAQLP

exports[`Pruebas en <FisrtApp /> Debe de hacer match con el snapshot 1`] = `
<div>
  <h1
    data-testid="test-title"
  >
     
    Hola, soy Jerast
     
  </h1>
  <p>
    There is no subtitle
  </p>
  <p>
    There is no subtitle
  </p>
  <p>
    Jose Rodriguez!!
  </p>
</div>
`;
